// Jest Snapshot v1, https://goo.gl/fbAQLP

exports[`generate 1`] = `
Object {
  "describe": "获取模型",
  "req": Object {
    "body": Object {
      "array": Array [
        "1",
        "2",
      ],
      "bool": true,
      "integer": 32,
      "null": null,
      "number": 16.23,
      "object": Object {
        "foo": 3,
      },
    },
    "headers": Object {
      "X-ORG-ID": 32432,
    },
    "method": "get",
    "params": Object {
      "id": 32234,
    },
    "query": Object {
      "pageNo": 1,
      "pageSize": 10,
    },
    "url": "/model/{id}",
  },
  "res": Object {
    "body": Object {
      "array": Array [
        Object {
          "foo": 1,
        },
        Object {
          "bar": 2,
        },
      ],
      "bool": true,
      "integer": 32,
      "null": null,
      "number": 16.23,
      "object": Object {
        "password": "a234324",
      },
    },
    "status": 200,
  },
}
`;
